// Jest Snapshot v1, https://goo.gl/fbAQLP

exports[`test category MainBody matches snapshot 1`] = `
<DocumentFragment>
  <div
    class="MuiPaper-root MuiPaper-elevation1 MuiPaper-rounded"
    style="background-image: url(); height: 100vh; background-position: center; background-repeat: no-repeat; background-size: cover;"
  >
    <div
      style="height: 100%; width: 100%; background-color: rgba(0, 0, 0, 0.7);"
    >
      <div
        class="MuiGrid-root containier-gridbox MuiGrid-container MuiGrid-direction-xs-column MuiGrid-align-items-xs-center MuiGrid-justify-xs-center"
        style="min-height: 50vh;"
      >
        <div
          class="MuiGrid-root MuiGrid-item MuiGrid-grid-xs-5"
        >
          <div
            style="width: 600px; height: 150px; display: flex; align-items: center; justify-content: center; background-color: gold; border: 2px solid #fff; border-radius: 4px;"
          >
            <form
              autocomplete="off"
              class="weather-form"
              novalidate=""
            >
              <div
                class="MuiFormControl-root MuiTextField-root MuiFormControl-marginNormal MuiFormControl-fullWidth"
                style="width: 400px; margin: 8px;"
              >
                <label
                  class="MuiFormLabel-root MuiInputLabel-root MuiInputLabel-formControl MuiInputLabel-animated MuiInputLabel-shrink"
                  data-shrink="true"
                  for="standard-full-width"
                  id="standard-full-width-label"
                >
                  Location
                </label>
                <div
                  class="MuiInputBase-root MuiInput-root MuiInput-underline MuiInputBase-fullWidth MuiInput-fullWidth MuiInputBase-formControl MuiInput-formControl"
                >
                  <input
                    aria-invalid="false"
                    class="MuiInputBase-input MuiInput-input"
                    id="standard-full-width"
                    placeholder="Enter Location"
                    type="text"
                    value=""
                  />
                </div>
              </div>
              <button
                class="MuiButtonBase-root MuiButton-root MuiButton-contained submit-btn MuiButton-containedPrimary"
                tabindex="0"
                type="button"
              >
                <span
                  class="MuiButton-label"
                >
                  SEARCH
                </span>
                <span
                  class="MuiTouchRipple-root"
                />
              </button>
            </form>
          </div>
        </div>
      </div>
      <div
        class="MuiGrid-root MuiGrid-container MuiGrid-direction-xs-column MuiGrid-align-items-xs-center MuiGrid-justify-xs-center"
      >
        <div
          class="MuiGrid-root MuiGrid-item MuiGrid-grid-xs-8"
        >
          <div
            style="width: 800px; height: auto; display: flex; align-items: center; justify-content: center;"
          >
            <div
              class="MuiGrid-root MuiGrid-container MuiGrid-spacing-xs-3"
            >
              <div />
            </div>
          </div>
        </div>
      </div>
    </div>
  </div>
</DocumentFragment>
`;
